INPUTS_FROZEN 1 9f383f5a937f4d3d7869470889753686bb7aa18df4b46eef4a0f4e37b27a122b
INPUTS_FROZEN 1 b4aaed9f3ad99fe69763f16d3440fe8b0a3d663542e762e0eaf5ed8fe2d33a15
test_both_periods_frozen_before_first_scoring_read (test_runner.RunnerTests.test_both_periods_frozen_before_first_scoring_read) ... ERROR
test_duplicate_target_refused (test_runner.RunnerTests.test_duplicate_target_refused) ... ok
test_exact_original_masks_and_all_comparator_daily_metrics (test_runner.RunnerTests.test_exact_original_masks_and_all_comparator_daily_metrics) ... ERROR
test_forecast_identity_and_padding_are_retained (test_runner.RunnerTests.test_forecast_identity_and_padding_are_retained) ... ok
test_input_hash_changed_refused (test_runner.RunnerTests.test_input_hash_changed_refused) ... ok
test_missing_target_refused (test_runner.RunnerTests.test_missing_target_refused) ... ok
test_nonfinite_scenario_refused (test_runner.RunnerTests.test_nonfinite_scenario_refused) ... ok
test_previous_source_hash_disagreement_refused (test_runner.RunnerTests.test_previous_source_hash_disagreement_refused) ... ok
test_runtime_failure_retained_without_scoring (test_runner.RunnerTests.test_runtime_failure_retained_without_scoring) ... ERROR
test_source_cutoff_refused (test_runner.RunnerTests.test_source_cutoff_refused) ... ok
test_source_day_identity_refused (test_runner.RunnerTests.test_source_day_identity_refused) ... ok
test_source_reconstruction_refused (test_runner.RunnerTests.test_source_reconstruction_refused) ... ok
test_tampered_manifest_refused (test_runner.RunnerTests.test_tampered_manifest_refused) ... ok
test_undefined_observed_scores_remain_null (test_runner.RunnerTests.test_undefined_observed_scores_remain_null) ... ok
test_unsorted_source_ids_refused (test_runner.RunnerTests.test_unsorted_source_ids_refused) ... ok

======================================================================
ERROR: test_both_periods_frozen_before_first_scoring_read (test_runner.RunnerTests.test_both_periods_frozen_before_first_scoring_read)
----------------------------------------------------------------------
Traceback (most recent call last):
  File "/Users/kixem/Documents/Loucas-Stefanos-Workspace-2026-09-19/AquaShift/source/private/stefanos-2026-10-04/actina/app/experiments/f1-013/test_runner.py", line 235, in test_both_periods_frozen_before_first_scoring_read
    run.execute(out)
    ~~~~~~~~~~~^^^^^
  File "/Users/kixem/Documents/Loucas-Stefanos-Workspace-2026-09-19/AquaShift/source/private/stefanos-2026-10-04/actina/app/experiments/f1-013/run.py", line 423, in execute
    raise ValueError('Output must be inside experiment')
ValueError: Output must be inside experiment

======================================================================
ERROR: test_exact_original_masks_and_all_comparator_daily_metrics (test_runner.RunnerTests.test_exact_original_masks_and_all_comparator_daily_metrics)
----------------------------------------------------------------------
Traceback (most recent call last):
  File "/Users/kixem/Documents/Loucas-Stefanos-Workspace-2026-09-19/AquaShift/source/private/stefanos-2026-10-04/actina/app/experiments/f1-013/test_runner.py", line 160, in test_exact_original_masks_and_all_comparator_daily_metrics
    run.save(base / 'validation-selection.json', selection)
    ~~~~~~~~^^^^^^^^^^^^^^^^^^^^^^^^^^^^^^^^^^^^^^^^^^^^^^^
  File "/Users/kixem/Documents/Loucas-Stefanos-Workspace-2026-09-19/AquaShift/source/private/stefanos-2026-10-04/actina/app/experiments/f1-013/run.py", line 56, in save
    Path(path).write_text(json.dumps(value, default=encoded, indent=2, allow_nan=False) + '\n')
    ~~~~~~~~~~~~~~~~~~~~~^^^^^^^^^^^^^^^^^^^^^^^^^^^^^^^^^^^^^^^^^^^^^^^^^^^^^^^^^^^^^^^^^^^^^^
  File "/opt/homebrew/Cellar/python@3.14/3.14.6/Frameworks/Python.framework/Versions/3.14/lib/python3.14/pathlib/__init__.py", line 809, in write_text
    with self.open(mode='w', encoding=encoding, errors=errors, newline=newline) as f:
         ~~~~~~~~~^^^^^^^^^^^^^^^^^^^^^^^^^^^^^^^^^^^^^^^^^^^^^^^^^^^^^^^^^^^^^
  File "/opt/homebrew/Cellar/python@3.14/3.14.6/Frameworks/Python.framework/Versions/3.14/lib/python3.14/pathlib/__init__.py", line 771, in open
    return io.open(self, mode, buffering, encoding, errors, newline)
           ~~~~~~~^^^^^^^^^^^^^^^^^^^^^^^^^^^^^^^^^^^^^^^^^^^^^^^^^^
FileNotFoundError: [Errno 2] No such file or directory: '/var/folders/vs/19y51rhx2dd8vyzswyf095180000gn/T/tmpyrn73qge/app/experiments/f1-008/result/validation-selection.json'

======================================================================
ERROR: test_runtime_failure_retained_without_scoring (test_runner.RunnerTests.test_runtime_failure_retained_without_scoring)
----------------------------------------------------------------------
Traceback (most recent call last):
  File "/Users/kixem/Documents/Loucas-Stefanos-Workspace-2026-09-19/AquaShift/source/private/stefanos-2026-10-04/actina/app/experiments/f1-013/test_runner.py", line 211, in test_runtime_failure_retained_without_scoring
    run.execute(out)
    ~~~~~~~~~~~^^^^^
  File "/Users/kixem/Documents/Loucas-Stefanos-Workspace-2026-09-19/AquaShift/source/private/stefanos-2026-10-04/actina/app/experiments/f1-013/run.py", line 423, in execute
    raise ValueError('Output must be inside experiment')
ValueError: Output must be inside experiment

----------------------------------------------------------------------
Ran 15 tests in 0.188s

FAILED (errors=3)
