/Volumes/CARMIX-WORK/AquaShift-video-2026-10-02/python-reference-environment/lib/python3.14/site-packages/lightgbm/sklearn.py:1106: LGBMDeprecationWarning: The argument 'eval_set' is deprecated, use 'eval_X' and 'eval_y' instead.
  eval_set = _validate_eval_set_Xy(eval_set=eval_set, eval_X=eval_X, eval_y=eval_y)
2026-10-04T13:06:29.957405+00:00 fold1: 3921 train rows, 121 trees
/Volumes/CARMIX-WORK/AquaShift-video-2026-10-02/python-reference-environment/lib/python3.14/site-packages/lightgbm/sklearn.py:1106: LGBMDeprecationWarning: The argument 'eval_set' is deprecated, use 'eval_X' and 'eval_y' instead.
  eval_set = _validate_eval_set_Xy(eval_set=eval_set, eval_X=eval_X, eval_y=eval_y)
2026-10-04T13:06:32.432486+00:00 fold2: 6129 train rows, 187 trees
/Volumes/CARMIX-WORK/AquaShift-video-2026-10-02/python-reference-environment/lib/python3.14/site-packages/lightgbm/sklearn.py:1106: LGBMDeprecationWarning: The argument 'eval_set' is deprecated, use 'eval_X' and 'eval_y' instead.
  eval_set = _validate_eval_set_Xy(eval_set=eval_set, eval_X=eval_X, eval_y=eval_y)
2026-10-04T13:06:33.817482+00:00 fold3: 8337 train rows, 142 trees
/Volumes/CARMIX-WORK/AquaShift-video-2026-10-02/python-reference-environment/lib/python3.14/site-packages/lightgbm/sklearn.py:1106: LGBMDeprecationWarning: The argument 'eval_set' is deprecated, use 'eval_X' and 'eval_y' instead.
  eval_set = _validate_eval_set_Xy(eval_set=eval_set, eval_X=eval_X, eval_y=eval_y)
2026-10-04T13:06:35.666304+00:00 fold4: 10497 train rows, 137 trees
/Volumes/CARMIX-WORK/AquaShift-video-2026-10-02/python-reference-environment/lib/python3.14/site-packages/lightgbm/sklearn.py:1106: LGBMDeprecationWarning: The argument 'eval_set' is deprecated, use 'eval_X' and 'eval_y' instead.
  eval_set = _validate_eval_set_Xy(eval_set=eval_set, eval_X=eval_X, eval_y=eval_y)
2026-10-04T13:06:36.149763+00:00 fold5: 12681 train rows, 145 trees
/Volumes/CARMIX-WORK/AquaShift-video-2026-10-02/python-reference-environment/lib/python3.14/site-packages/lightgbm/sklearn.py:1106: LGBMDeprecationWarning: The argument 'eval_set' is deprecated, use 'eval_X' and 'eval_y' instead.
  eval_set = _validate_eval_set_Xy(eval_set=eval_set, eval_X=eval_X, eval_y=eval_y)
2026-10-04T13:06:36.696915+00:00 fold6: 14889 train rows, 153 trees
2026-10-04T13:06:36.973006+00:00 logistic: training-selected threshold 0.425, forward F1 1348/1429
2026-10-04T13:06:37.393705+00:00 boosted: training-selected threshold 0.385, forward F1 540/571
/Volumes/CARMIX-WORK/AquaShift-video-2026-10-02/python-reference-environment/lib/python3.14/site-packages/lightgbm/sklearn.py:1106: LGBMDeprecationWarning: The argument 'eval_set' is deprecated, use 'eval_X' and 'eval_y' instead.
  eval_set = _validate_eval_set_Xy(eval_set=eval_set, eval_X=eval_X, eval_y=eval_y)
2026-10-04T13:06:37.975653+00:00 final: 16444 train rows, 159 trees
2026-10-04T13:06:38.013940+00:00 Validation decision freeze saved. Loading fixed validation references for one scoring pass.
2026-10-04T13:06:38.264024+00:00 {"metrics": {"base_refit": {"tp": 262, "fp": 25, "fn": 44, "tn": 3235, "precision": 0.9128919860627178, "recall": 0.8562091503267973, "f1": 0.8836424957841484, "f1_exact": "524/593", "mae_w_m2": 18.700675310908366, "rmse_w_m2": 44.84488653542133, "bias_w_m2": -2.428699407333459}, "supplied_v2_600": {"tp": 262, "fp": 25, "fn": 44, "tn": 3235, "precision": 0.9128919860627178, "recall": 0.8562091503267973, "f1": 0.8836424957841484, "f1_exact": "524/593", "mae_w_m2": 18.69734271860889, "rmse_w_m2": 44.7696775531062, "bias_w_m2": -2.396097223632856}, "supplied_v2_562": {"tp": 287, "fp": 51, "fn": 19, "tn": 3209, "precision": 0.849112426035503, "recall": 0.9379084967320261, "f1": 0.8913043478260869, "f1_exact": "41/46", "mae_w_m2": 18.69734271860889, "rmse_w_m2": 44.7696775531062, "bias_w_m2": -2.396097223632856}, "supplied_raw_day1": {"tp": 253, "fp": 34, "fn": 53, "tn": 3226, "precision": 0.8815331010452961, "recall": 0.826797385620915, "f1": 0.8532883642495784, "f1_exact": "506/593", "mae_w_m2": 21.55804823331464, "rmse_w_m2": 50.14353486357633, "bias_w_m2": -5.531688166012339}, "retained_raw_day2": {"tp": 268, "fp": 21, "fn": 38, "tn": 3239, "precision": 0.9273356401384083, "recall": 0.8758169934640523, "f1": 0.9008403361344538, "f1_exact": "536/595", "mae_w_m2": 17.692933258553, "rmse_w_m2": 45.42010853260759, "bias_w_m2": 0.6318003365114975}, "persistence": {"tp": 244, "fp": 62, "fn": 62, "tn": 3198, "precision": 0.7973856209150327, "recall": 0.7973856209150327, "f1": 0.7973856209150327, "f1_exact": "122/153", "mae_w_m2": 32.469433538979246, "rmse_w_m2": 80.09554375942383, "bias_w_m2": -0.18059450364554122}, "fixed008": {"tp": 271, "fp": 21, "fn": 35, "tn": 3239, "precision": 0.928082191780822, "recall": 0.8856209150326797, "f1": 0.9063545150501672, "f1_exact": "271/299"}, "logistic": {"tp": 268, "fp": 26, "fn": 38, "tn": 3234, "precision": 0.9115646258503401, "recall": 0.8758169934640523, "f1": 0.8933333333333333, "f1_exact": "67/75", "unchanged_base_radiation_errors": {"mae_w_m2": 18.700675310908366, "rmse_w_m2": 44.84488653542133, "bias_w_m2": -2.428699407333459}, "brier": 0.01402096135921679, "log_loss": 0.04706314685855108}, "boosted": {"tp": 270, "fp": 33, "fn": 36, "tn": 3227, "precision": 0.8910891089108911, "recall": 0.8823529411764706, "f1": 0.8866995073891626, "f1_exact": "180/203", "unchanged_base_radiation_errors": {"mae_w_m2": 18.700675310908366, "rmse_w_m2": 44.84488653542133, "bias_w_m2": -2.428699407333459}, "brier": 0.014643348204876042, "log_loss": 0.05207338519301749}}, "comparison": {"logistic": {"exceeds_all_retained_f1": false, "versus": {"base_refit": {"precision": -0.0013273602123776707, "recall": 0.019607843137254943, "f1": 0.009690837549184872}, "fixed008": {"precision": -0.016517565930481815, "recall": -0.009803921568627416, "f1": -0.013021181716833863}, "supplied_v2_600": {"precision": -0.0013273602123776707, "recall": 0.019607843137254943, "f1": 0.009690837549184872}, "supplied_v2_562": {"precision": 0.062452199814837184, "recall": -0.06209150326797386, "f1": 0.0020289855072463947}}}, "boosted": {"exceeds_all_retained_f1": false, "versus": {"base_refit": {"precision": -0.021802877151826716, "recall": 0.02614379084967322, "f1": 0.0030570116050141483}, "fixed008": {"precision": -0.03699308286993086, "recall": -0.0032679738562091387, "f1": -0.019655007661004587}, "supplied_v2_600": {"precision": -0.021802877151826716, "recall": 0.02614379084967322, "f1": 0.0030570116050141483}, "supplied_v2_562": {"precision": 0.04197668287538814, "recall": -0.05555555555555558, "f1": -0.004604840436924329}}}}}
