{
  "status": "PASS",
  "checks": 3721230,
  "candidate_records": 72459,
  "horizons": 299,
  "horizon_bank_records": 598,
  "input_lock_sha256": "f07354b9a99a64fcea182d13380c63f061d9ca466c7fc690d8c603da39ad1f82",
  "planning_freeze_sha256": "4abb2f4364f43fd357a07c067ef2a6152477c2ec37f5432cb9f46bc76a5721b8",
  "checker_sha256": "7c58baaf563105a1fc337bc2945b53b54dc8f1fc4b12c9afecde3a0483bafc63",
  "result_manifest_sha256": "9f5344849f1783d5002d231746852f10807fb2f4d4844a80aeca12d525cc66fd",
  "gates": {
    "recency_robust": {
      "raw_control_both_periods": false,
      "all_six_strict_both_periods": false
    },
    "recency_pooled": {
      "raw_control_both_periods": false,
      "all_six_strict_both_periods": false
    },
    "conditional_robust": {
      "raw_control_both_periods": false,
      "all_six_strict_both_periods": false
    },
    "conditional_pooled": {
      "raw_control_both_periods": false,
      "all_six_strict_both_periods": false
    }
  },
  "regressions": {
    "validation": {
      "recency_robust": {
        "raw_nwp": [
          "weather_full/precision",
          "weather_full/f1",
          "satellite_common/precision",
          "satellite_common/f1"
        ],
        "original": [],
        "persistence": [],
        "f1_008_selected": [
          "weather_full/precision",
          "weather_full/recall",
          "weather_full/f1",
          "satellite_common/precision",
          "satellite_common/recall",
          "satellite_common/f1"
        ],
        "f1_009_selected": [
          "weather_full/precision",
          "weather_full/recall",
          "weather_full/f1",
          "satellite_common/precision",
          "satellite_common/recall",
          "satellite_common/f1"
        ]
      },
      "recency_pooled": {
        "raw_nwp": [
          "weather_full/precision",
          "weather_full/f1",
          "satellite_common/precision",
          "satellite_common/f1"
        ],
        "original": [],
        "persistence": [],
        "f1_008_selected": [
          "weather_full/precision",
          "weather_full/recall",
          "weather_full/f1",
          "satellite_common/precision",
          "satellite_common/recall",
          "satellite_common/f1"
        ],
        "f1_009_selected": [
          "weather_full/precision",
          "weather_full/recall",
          "weather_full/f1",
          "satellite_common/precision",
          "satellite_common/recall",
          "satellite_common/f1"
        ]
      },
      "conditional_robust": {
        "raw_nwp": [],
        "original": [],
        "persistence": [],
        "f1_008_selected": [
          "weather_full/precision",
          "weather_full/recall",
          "weather_full/f1",
          "satellite_common/precision",
          "satellite_common/recall",
          "satellite_common/f1"
        ],
        "f1_009_selected": [
          "weather_full/precision",
          "weather_full/recall",
          "weather_full/f1",
          "satellite_common/precision",
          "satellite_common/recall",
          "satellite_common/f1"
        ]
      },
      "conditional_pooled": {
        "raw_nwp": [],
        "original": [],
        "persistence": [],
        "f1_008_selected": [
          "weather_full/precision",
          "weather_full/recall",
          "weather_full/f1",
          "satellite_common/precision",
          "satellite_common/recall",
          "satellite_common/f1"
        ],
        "f1_009_selected": [
          "weather_full/precision",
          "weather_full/recall",
          "weather_full/f1",
          "satellite_common/precision",
          "satellite_common/recall",
          "satellite_common/f1"
        ]
      }
    },
    "test": {
      "recency_robust": {
        "raw_nwp": [],
        "original": [],
        "persistence": [],
        "f1_008_selected": [
          "weather_full/recall",
          "weather_full/f1",
          "satellite_common/precision",
          "satellite_common/recall",
          "satellite_common/f1"
        ],
        "f1_009_selected": [
          "weather_full/precision",
          "weather_full/recall",
          "weather_full/f1",
          "satellite_common/precision",
          "satellite_common/recall",
          "satellite_common/f1"
        ]
      },
      "recency_pooled": {
        "raw_nwp": [],
        "original": [],
        "persistence": [],
        "f1_008_selected": [
          "weather_full/recall",
          "weather_full/f1",
          "satellite_common/precision",
          "satellite_common/recall",
          "satellite_common/f1"
        ],
        "f1_009_selected": [
          "weather_full/precision",
          "weather_full/recall",
          "weather_full/f1",
          "satellite_common/precision",
          "satellite_common/recall",
          "satellite_common/f1"
        ]
      },
      "conditional_robust": {
        "raw_nwp": [],
        "original": [],
        "persistence": [],
        "f1_008_selected": [
          "weather_full/recall",
          "weather_full/f1",
          "satellite_common/precision",
          "satellite_common/recall",
          "satellite_common/f1"
        ],
        "f1_009_selected": [
          "weather_full/precision",
          "weather_full/recall",
          "weather_full/f1",
          "satellite_common/precision",
          "satellite_common/recall",
          "satellite_common/f1"
        ]
      },
      "conditional_pooled": {
        "raw_nwp": [],
        "original": [],
        "persistence": [],
        "f1_008_selected": [
          "weather_full/recall",
          "weather_full/f1",
          "satellite_common/precision",
          "satellite_common/recall",
          "satellite_common/f1"
        ],
        "f1_009_selected": [
          "weather_full/precision",
          "weather_full/recall",
          "weather_full/f1",
          "satellite_common/precision",
          "satellite_common/recall",
          "satellite_common/f1"
        ]
      }
    }
  },
  "elapsed_seconds": 23.098214374999998,
  "cpu_seconds": 17.033773,
  "peak_rss_bytes": 359383040,
  "scope": "Every retained historical candidate, exact empirical coefficient, score, safeguard and ranked optimum, all masks, control decisions and observed metrics independently reconstructed. No production helper imported."
}
