{
  "status": "COMPLETE",
  "seed": 20261004,
  "resamples_per_block_length": 20000,
  "direction": "frozen_009_joint minus control",
  "target_clock": "fixed UTC+03",
  "days": 149,
  "hours": [
    3567,
    3517
  ],
  "references_order": [
    "weather_full",
    "satellite_common"
  ],
  "methods_order": [
    "frozen_009_joint",
    "raw_nwp",
    "frozen_008"
  ],
  "inputs_sha256": {
    "f1-009/result/predictions/test-joint.csv": "211d1497e2ed33c9957038b03e29bba85ac23a4dc9251e0167a0aff349cfa15d",
    "f1-008/result/predictions/test-consensus_two_source.csv": "7339965abcf516738d98f504f25ba99fb89cdba286dc97cfb83f0fffe17aea0d",
    "f1-009/review/uncertainty-protocol.md": "5c3032938ffdfb5e6c456d9101fa9748da7061f330d21aa70119206a373c6395",
    "f1-009/review/uncertainty.py": "473f2cc74dcab76b0a7546e7454a097e7603c7e8e26695ab69c184882bc08167"
  },
  "comparisons": [
    {
      "block_days": 1,
      "control": "raw_nwp",
      "references": {
        "weather_full": {
          "precision": {
            "difference": 1.47482184151837e-05,
            "percentile_95": [
              -0.0029056965253978937,
              0.0029376102715491037
            ],
            "defined_resamples": 20000,
            "undefined_resamples": 0
          },
          "recall": {
            "difference": 0.000990099009900991,
            "percentile_95": [
              0.0,
              0.003027245206861706
            ],
            "defined_resamples": 20000,
            "undefined_resamples": 0
          },
          "f1": {
            "difference": 0.0005031487292918024,
            "percentile_95": [
              -0.0009870008708140865,
              0.002428993979931553
            ],
            "defined_resamples": 20000,
            "undefined_resamples": 0
          }
        },
        "satellite_common": {
          "precision": {
            "difference": 4.2637169866521774e-05,
            "percentile_95": [
              -0.00283519297603807,
              0.0029142778478719734
            ],
            "defined_resamples": 20000,
            "undefined_resamples": 0
          },
          "recall": {
            "difference": 0.0010256410256410664,
            "percentile_95": [
              0.0,
              0.003154574132492205
            ],
            "defined_resamples": 20000,
            "undefined_resamples": 0
          },
          "f1": {
            "difference": 0.000525438020013147,
            "percentile_95": [
              -0.0009925306185901706,
              0.0021947101282952155
            ],
            "defined_resamples": 20000,
            "undefined_resamples": 0
          }
        }
      },
      "fraction_all_six_strictly_positive_draws": 0.13215
    },
    {
      "block_days": 1,
      "control": "frozen_008",
      "references": {
        "weather_full": {
          "precision": {
            "difference": 0.0009597107731700305,
            "percentile_95": [
              -6.855436315429397e-05,
              0.0029932980685703032
            ],
            "defined_resamples": 20000,
            "undefined_resamples": 0
          },
          "recall": {
            "difference": -0.000990099009900991,
            "percentile_95": [
              -0.0059055118110236116,
              0.004950495049504955
            ],
            "defined_resamples": 20000,
            "undefined_resamples": 0
          },
          "f1": {
            "difference": -1.5194592489553571e-05,
            "percentile_95": [
              -0.002538657301292535,
              0.0030264805116711866
            ],
            "defined_resamples": 20000,
            "undefined_resamples": 0
          }
        },
        "satellite_common": {
          "precision": {
            "difference": -0.0010900423567991036,
            "percentile_95": [
              -0.00597946689005395,
              0.0027066226162390204
            ],
            "defined_resamples": 20000,
            "undefined_resamples": 0
          },
          "recall": {
            "difference": -0.003076923076923088,
            "percentile_95": [
              -0.007085020242914908,
              0.0
            ],
            "defined_resamples": 20000,
            "undefined_resamples": 0
          },
          "f1": {
            "difference": -0.0020645041475795267,
            "percentile_95": [
              -0.005138757493354429,
              0.00045548931204220935
            ],
            "defined_resamples": 20000,
            "undefined_resamples": 0
          }
        }
      },
      "fraction_all_six_strictly_positive_draws": 0.0
    },
    {
      "block_days": 7,
      "control": "raw_nwp",
      "references": {
        "weather_full": {
          "precision": {
            "difference": 1.47482184151837e-05,
            "percentile_95": [
              -0.002905993185206296,
              0.002881387209500427
            ],
            "defined_resamples": 20000,
            "undefined_resamples": 0
          },
          "recall": {
            "difference": 0.000990099009900991,
            "percentile_95": [
              0.0,
              0.003061224489795955
            ],
            "defined_resamples": 20000,
            "undefined_resamples": 0
          },
          "f1": {
            "difference": 0.0005031487292918024,
            "percentile_95": [
              -0.0010067633510502743,
              0.0020714655618849775
            ],
            "defined_resamples": 20000,
            "undefined_resamples": 0
          }
        },
        "satellite_common": {
          "precision": {
            "difference": 4.2637169866521774e-05,
            "percentile_95": [
              -0.0028307870448856325,
              0.0028990048627510977
            ],
            "defined_resamples": 20000,
            "undefined_resamples": 0
          },
          "recall": {
            "difference": 0.0010256410256410664,
            "percentile_95": [
              0.0,
              0.0031847133757961776
            ],
            "defined_resamples": 20000,
            "undefined_resamples": 0
          },
          "f1": {
            "difference": 0.000525438020013147,
            "percentile_95": [
              -0.0010049691407888251,
              0.0021918294556390687
            ],
            "defined_resamples": 20000,
            "undefined_resamples": 0
          }
        }
      },
      "fraction_all_six_strictly_positive_draws": 0.1388
    },
    {
      "block_days": 7,
      "control": "frozen_008",
      "references": {
        "weather_full": {
          "precision": {
            "difference": 0.0009597107731700305,
            "percentile_95": [
              -7.037434815771182e-05,
              0.002996936999657535
            ],
            "defined_resamples": 20000,
            "undefined_resamples": 0
          },
          "recall": {
            "difference": -0.000990099009900991,
            "percentile_95": [
              -0.00579150579150578,
              0.0050000000000000044
            ],
            "defined_resamples": 20000,
            "undefined_resamples": 0
          },
          "f1": {
            "difference": -1.5194592489553571e-05,
            "percentile_95": [
              -0.002539036600780664,
              0.0030885281256192673
            ],
            "defined_resamples": 20000,
            "undefined_resamples": 0
          }
        },
        "satellite_common": {
          "precision": {
            "difference": -0.0010900423567991036,
            "percentile_95": [
              -0.00612703618771338,
              0.002691251633062845
            ],
            "defined_resamples": 20000,
            "undefined_resamples": 0
          },
          "recall": {
            "difference": -0.003076923076923088,
            "percentile_95": [
              -0.006430868167202511,
              0.0
            ],
            "defined_resamples": 20000,
            "undefined_resamples": 0
          },
          "f1": {
            "difference": -0.0020645041475795267,
            "percentile_95": [
              -0.005072852609479875,
              0.0004512106432564826
            ],
            "defined_resamples": 20000,
            "undefined_resamples": 0
          }
        }
      },
      "fraction_all_six_strictly_positive_draws": 0.0
    }
  ],
  "interpretation": "Exploratory paired sensitivity only. No adjustment for repeated test inspection, model selection, multiplicity or longer seasonal dependence. Resampling fractions are not posterior probabilities."
}
