{
  "status": "SOURCE_QUALITY_LIMITATION",
  "original_strict_intake_status": "FAILED",
  "raw_response_sha256": "e41f4d3fbc498d4fb6e6be7706af3090904124291c2528cf55d2e9c9a4f14d19",
  "raw_bytes": 330655,
  "raw_hours": 17856,
  "target_hours": 17832,
  "padding_hours": 24,
  "exact_utc_joins": true,
  "radiation_schema_valid": true,
  "null_counts_all": {
    "shortwave_radiation_previous_day2": 0,
    "cloud_cover_previous_day2": 0
  },
  "null_counts_targets": {
    "radiation": 0,
    "cloud": 0
  },
  "invalid_cloud_all": 8,
  "invalid_cloud_targets": 8,
  "returned_grid": {
    "latitude": 34.734787,
    "longitude": 32.460938,
    "elevation": 71.0
  },
  "original_source_hashes_unchanged": true,
  "scores_computed": 0,
  "models_fitted": 0,
  "additional_data_requests": 0,
  "restriction": "This diagnostic join preserves invalid raw cloud values. No imputation/clipping or downstream-use approval. A separate frozen experiment must declare its feature-quality policy before scoring.",
  "artifacts_sha256": {
    "diagnostic-join.csv": "6a201331af1ef8d8220251397cad86b1eccde0bf6b337f55c051442fd8039644",
    "quality-flags.csv": "e5e816554f13a6ed8015e248d1ad7c0872b24a6d61871bdb4b330a2e7172801c"
  }
}
